
> znexus-frontend@0.0.0 build
> vite build

[36mvite v5.4.21 [32mbuilding for production...[36m[39m
transforming...
[32mΓ£ô[39m 1717 modules transformed.
node.exe : [31mx[39m Build 
failed in 3.14s
At C:\Program 
Files\nodejs\npm.ps1:29 
char:3
+   & $NODE_EXE $NPM_CLI_JS 
$args
+   
~~~~~~~~~~~~~~~~~~~~~~~~~~~~~
    + CategoryInfo           
   : NotSpecified: ([31mx  
  [39m Build failed in 3.1   
 4s:String) [], RemoteExc    
eption
    + FullyQualifiedErrorId  
   : NativeCommandError
 
[31merror during build:
[31msrc/pages/EventDetails.j
sx (5:65): "ListCheck" is 
not exported by "node_modules
/lucide-react/dist/esm/lucide
-react.js", imported by "src/
pages/EventDetails.jsx".[31m
file: 
[36mD:/Project/Z-Nexus Final
/frontend/src/pages/EventDeta
ils.jsx:5:65[31m
[33m
3: import { motion } from 
'framer-motion';
4: import { eventService } 
from '../services/api';
5: import { Calendar, 
MapPin, User, Phone, 
ArrowLeft, Trophy, Info, 
ListCheck } from 
'lucide-react';
                             
                             
          ^
6: 
7: const EventDetails = () 
=> {
[31m
    at getRollupError (file:/
//D:/Project/Z-Nexus%20Final/
frontend/node_modules/rollup/
dist/es/shared/parseAst.js:40
2:41)
    at error (file:///D:/Proj
ect/Z-Nexus%20Final/frontend/
node_modules/rollup/dist/es/s
hared/parseAst.js:398:42)
    at Module.error (file:///
D:/Project/Z-Nexus%20Final/fr
ontend/node_modules/rollup/di
st/es/shared/node-entry.js:17
040:16)
    at Module.traceVariable (
file:///D:/Project/Z-Nexus%20
Final/frontend/node_modules/r
ollup/dist/es/shared/node-ent
ry.js:17452:29)
    at 
ModuleScope.findVariable (fil
e:///D:/Project/Z-Nexus%20Fin
al/frontend/node_modules/roll
up/dist/es/shared/node-entry.
js:15070:39)
    at ReturnValueScope.findV
ariable (file:///D:/Project/Z
-Nexus%20Final/frontend/node_
modules/rollup/dist/es/shared
/node-entry.js:5673:38)
    at FunctionBodyScope.find
Variable (file:///D:/Project/
Z-Nexus%20Final/frontend/node
_modules/rollup/dist/es/share
d/node-entry.js:5673:38)
    at Identifier.bind (file:
///D:/Project/Z-Nexus%20Final
/frontend/node_modules/rollup
/dist/es/shared/node-entry.js
:5447:40)
    at CallExpression.bind (f
ile:///D:/Project/Z-Nexus%20F
inal/frontend/node_modules/ro
llup/dist/es/shared/node-entr
y.js:2825:28)
    at CallExpression.bind (f
ile:///D:/Project/Z-Nexus%20F
inal/frontend/node_modules/ro
llup/dist/es/shared/node-entr
y.js:12179:15)[39m
